root@eltex-practice2-v1:~/p2-2# git config --global user.name "RickLater0"
root@eltex-practice2-v1:~/p2-2# git config --global user.email "n.ablamskiy@yandex.ru"
root@eltex-practice2-v1:~/p2-2# git config --global init.defaultBranch main

apt update
apt install git gh

ssh-keygen -t ed25519 -f ~/.ssh/RL0

root@eltex-practice2-v1:~/p2-2# gh auth login
? What account do you want to log into? GitHub.com
? What is your preferred protocol for Git operations on this host? SSH
? Upload your SSH public key to your GitHub account? /root/.ssh/RL0.pub
? Title for your SSH key: eltex-practice2-v1
? How would you like to authenticate GitHub CLI? Login with a web browser

✓ Logged in as RickLater0

gh auth setup-git --hostname github.com
gh auth status
github.com
  ✓ Logged in to github.com account RickLater0 (/root/.config/gh/hosts.yml)
  - Active account: true
  - Git operations protocol: ssh
  - Token: gho_************************************
  - Token scopes: 'admin:public_key', 'gist', 'read:org', 'repo'

gh repo create --public ELTEX
✓ Created repository RickLater0/ELTEX on GitHub
  https://github.com/RickLater0/ELTEX

echo "# ELTEX" >> README.md
git init
git add README.md
git commit -m "first commit"
git branch -M main
git remote add origin git@github.com:RickLater0/ELTEX.git
git push -u origin main

git@github.com: Permission denied (publickey).
fatal: Could not read from remote repository.

Please make sure you have the correct access rights
and the repository exists.
root@eltex-practice2-v1:~/ELTEX# ssh-add ~/.ssh/RL0.pub
Could not open a connection to your authentication agent.
root@eltex-practice2-v1:~/ELTEX# eval `ssh-agent -s`
Agent pid 18407
root@eltex-practice2-v1:~/ELTEX# ssh-add ~/.ssh/RL0.pub
@@@@@@@@@@@@@@@@@@@@@@@@@@@@@@@@@@@@@@@@@@@@@@@@@@@@@@@@@@@
@         WARNING: UNPROTECTED PRIVATE KEY FILE!          @
@@@@@@@@@@@@@@@@@@@@@@@@@@@@@@@@@@@@@@@@@@@@@@@@@@@@@@@@@@@
Permissions 0644 for '/root/.ssh/RL0.pub' are too open.
It is required that your private key files are NOT accessible by others.
This private key will be ignored.

root@eltex-practice2-v1:~/ELTEX# ssh-add ~/.ssh/RL0
Identity added: /root/.ssh/RL0 (root@eltex-practice2-v1)

root@eltex-practice2-v1:~/ELTEX# ssh -T git@github.com
Hi RickLater0! You've successfully authenticated, but GitHub does not provide shell access.

root@eltex-practice2-v1:~/ELTEX# git push -u origin main
Enumerating objects: 6, done.
Counting objects: 100% (6/6), done.
Delta compression using up to 2 threads
Compressing objects: 100% (2/2), done.
Writing objects: 100% (6/6), 511 bytes | 511.00 KiB/s, done.
Total 6 (delta 0), reused 0 (delta 0), pack-reused 0
To github.com:RickLater0/ELTEX.git
 * [new branch]      main -> main
branch 'main' set up to track 'origin/main'
#лог второго раздела утерян. прикреплю pdf вместо него
#по какой-то причине scp с этой машины не хотел работать с портом 22 и 44556
#поэтому скачивал файлы через машину первой практики
scp ~/*.log ~/*.txt root@172.16.9.175:/root
eltex-v1_part3_gt20M.log                      100% 2744     7.8MB/s   00:00
eltex-v1_part3.log                            100%  458     1.5MB/s   00:00
practice2_eltex-v1_part1.log                  100% 9829    13.7MB/s   00:00
practice2_eltex-v1_part2.log                  100% 7228    21.3MB/s   00:00
practice2_eltex-v1_part3.log                  100% 2765     9.3MB/s   00:00
report_part1.txt                              100%  108   378.4KB/s   00:00

root@eltex-practice2-v1:~/ELTEX# ls
module1  README.md
root@eltex-practice2-v1:~/ELTEX# cd module1/
root@eltex-practice2-v1:~/ELTEX/module1# ls
task1  task2  task3
root@eltex-practice2-v1:~/ELTEX/module1# mv ~/practice2* task1/
root@eltex-practice2-v1:~/ELTEX/module1# ls task1
eltex-v1_part3.log  practice2_eltex-v1_part1.log  practice2_eltex-v1_part2.log  practice2_eltex-v1_part3.log
root@eltex-practice2-v1:~/ELTEX/module1# mv task1/practice2* task2/
root@eltex-practice2-v1:~/ELTEX/module1# ls task1
eltex-v1_part3.log
root@eltex-practice2-v1:~/ELTEX/module1# ls task2
practice2_eltex-v1_part1.log  practice2_eltex-v1_part2.log  practice2_eltex-v1_part3.log
root@eltex-practice2-v1:~/ELTEX/module1# git add task2/*
root@eltex-practice2-v1:~/ELTEX/module1# git status
On branch main
Your branch is up to date with 'origin/main'.

Changes to be committed:
  (use "git restore --staged <file>..." to unstage)
        new file:   ../M1/P1/eltex-v1_part3.log
        new file:   task2/practice2_eltex-v1_part1.log
        new file:   task2/practice2_eltex-v1_part2.log
        new file:   task2/practice2_eltex-v1_part3.log

Changes not staged for commit:
  (use "git add/rm <file>..." to update what will be committed)
  (use "git restore <file>..." to discard changes in working directory)
        deleted:    ../M1/P1/eltex-v1_part3.log

Untracked files:
  (use "git add <file>..." to include in what will be committed)
        task1/

root@eltex-practice2-v1:~/ELTEX/module1# git add task1/*
root@eltex-practice2-v1:~/ELTEX/module1# git status
On branch main
Your branch is up to date with 'origin/main'.

Changes to be committed:
  (use "git restore --staged <file>..." to unstage)
        new file:   ../M1/P1/eltex-v1_part3.log
        new file:   task1/eltex-v1_part3.log
        new file:   task2/practice2_eltex-v1_part1.log
        new file:   task2/practice2_eltex-v1_part2.log
        new file:   task2/practice2_eltex-v1_part3.log

Changes not staged for commit:
  (use "git add/rm <file>..." to update what will be committed)
  (use "git restore <file>..." to discard changes in working directory)
        deleted:    ../M1/P1/eltex-v1_part3.log
#автоматическое включение ssh-agent 
#https://forum.manjaro.org/t/configuring-ssh-agent-to-autostart-and-automatically-add-ssh-keys-to-it/99715
#https://www.ssh.com/academy/ssh/agent
nano ~/.config/systemd/user/ssh-agent.service

[Unit]
Description=SSH agent (ssh-agent)

[Service]
Type=simple
Environment=SSH_AUTH_SOCK=%t/ssh-agent.socket
Environment=DISPLAY=:0
ExecStart=ssh-agent -D -a $SSH_AUTH_SOCK
ExecStartPost=/bin/sleep 3
ExecStartPost=/bin/sh -c '/usr/bin/ssh-add /root/.ssh/RL0'
ExecStop=kill -15 $MAINPID

[Install]
WantedBy=default.target
#
root@eltex-practice2-v1:~/ELTEX/module1# export SSH_AUTH_SOCK="$XDG_RUNTIME_DIR/ssh-agent.socket"
root@eltex-practice2-v1:~/ELTEX/module1# nano ~/.ssh/config

AddKeysToAgent yes
#
root@eltex-practice2-v1:~/ELTEX/module1# systemctl --user daemon-reload
root@eltex-practice2-v1:~/ELTEX/module1# systemctl --user enable ssh-agent.service
root@eltex-practice2-v1:~/ELTEX/module1# systemctl --user start ssh-agent.service

 git status
On branch main
Your branch is up to date with 'origin/main'.

Changes to be committed:
  (use "git restore --staged <file>..." to unstage)
        new file:   ../M1/P1/eltex-v1_part3.log
        new file:   task1/eltex-v1_part3.log
        new file:   task2/practice2_eltex-v1_part1.log
        new file:   task2/practice2_eltex-v1_part2.log
        new file:   task2/practice2_eltex-v1_part3.log

Changes not staged for commit:
  (use "git add/rm <file>..." to update what will be committed)
  (use "git restore <file>..." to discard changes in working directory)
        deleted:    ../M1/P1/eltex-v1_part3.log
        modified:   task2/practice2_eltex-v1_part3.log

Untracked files:
  (use "git add <file>..." to include in what will be committed)
        task2/.practice2_eltex-v1_part3.log.swp

root@eltex-practice2-v1:~/ELTEX/module1# git commit "Добавлены файлы второй практики"
error: pathspec 'Добавлены файлы второй практики' did not match any file(s) known to git
root@eltex-practice2-v1:~/ELTEX/module1# git commit -m "Добавлены файлы второй практики"
[main 094e132] Добавлены файлы второй практики
 5 files changed, 564 insertions(+)
 create mode 100644 M1/P1/eltex-v1_part3.log
 create mode 100644 module1/task1/eltex-v1_part3.log
 create mode 100644 module1/task2/practice2_eltex-v1_part1.log
 create mode 100644 module1/task2/practice2_eltex-v1_part2.log
 create mode 100644 module1/task2/practice2_eltex-v1_part3.log
root@eltex-practice2-v1:~/ELTEX/module1# git push
Enumerating objects: 11, done.
Counting objects: 100% (11/11), done.
Delta compression using up to 2 threads
Compressing objects: 100% (8/8), done.
Writing objects: 100% (10/10), 8.26 KiB | 8.26 MiB/s, done.
Total 10 (delta 0), reused 0 (delta 0), pack-reused 0
To github.com:RickLater0/ELTEX.git
   c80e8e8..094e132  main -> main


git commit ../M1/P1/eltex-v1_part3.log -m "Удаление папки?"
[main 67ebfb7] Удаление папки?
 1 file changed, 29 deletions(-)
 delete mode 100644 M1/P1/eltex-v1_part3.log
root@eltex-practice2-v1:~/ELTEX/module1# git push
Enumerating objects: 3, done.
Counting objects: 100% (3/3), done.
Delta compression using up to 2 threads
Compressing objects: 100% (2/2), done.
Writing objects: 100% (2/2), 301 bytes | 301.00 KiB/s, done.
Total 2 (delta 0), reused 0 (delta 0), pack-reused 0
To github.com:RickLater0/ELTEX.git
   094e132..67ebfb7  main -> main

#переместил все файлы через mv
#загрузил pdf через веб-приложение, но была возмоэность воспользоваться scp
scp -J eltex-v1@217.71.138.1::44556 D:/SU/ELTEX/M1/p1/*.pdf root@172.16.9.175:/root/ELTEX/module1/task1
git add .
git commit -m "Добавлены все файлы за практики, кроме pdf"
git push

git clone https://github.com/RickLater0/ELTEX.git .
Cloning into '.'...
remote: Enumerating objects: 48, done.
remote: Counting objects: 100% (48/48), done.
remote: Compressing objects: 100% (41/41), done.
remote: Total 48 (delta 5), reused 38 (delta 1), pack-reused 0 (from 0)
Receiving objects: 100% (48/48), 2.10 MiB | 3.36 MiB/s, done.
Resolving deltas: 100% (5/5), done.
root@eltex-practice2-v1:~/ELTEX_clone# ls
module1  README.md

#сдался и удалил pdf файлы, но это не помогло
#все равно пришлось сливать ветки, чтобы запушить локальные изменения 
#изменения в логе потёрлись бы, если бы не открый nano в screen
root@eltex-practice2-v1:~/ELTEX# git add .
root@eltex-practice2-v1:~/ELTEX# git status
On branch main
Your branch and 'origin/main' have diverged,
and have 2 and 3 different commits each, respectively.
  (use "git pull" if you want to integrate the remote branch with yours)

Changes to be committed:
  (use "git restore --staged <file>..." to unstage)
        modified:   module1/task2/.practice2_eltex-v1_part3.log.swp
        modified:   module1/task2/practice2_eltex-v1_part3.log

root@eltex-practice2-v1:~/ELTEX# git commit -m "upd part3"
[main c9acf6f] upd part3
 2 files changed, 9 insertions(+)
root@eltex-practice2-v1:~/ELTEX# git push
To github.com:RickLater0/ELTEX.git
 ! [rejected]        main -> main (non-fast-forward)
error: failed to push some refs to 'github.com:RickLater0/ELTEX.git'
hint: Updates were rejected because the tip of your current branch is behind
hint: its remote counterpart. If you want to integrate the remote changes,
hint: use 'git pull' before pushing again.
hint: See the 'Note about fast-forwards' in 'git push --help' for details.
root@eltex-practice2-v1:~/ELTEX# git pull
hint: You have divergent branches and need to specify how to reconcile them.
hint: You can do so by running one of the following commands sometime before
hint: your next pull:
hint:
hint:   git config pull.rebase false  # merge
hint:   git config pull.rebase true   # rebase
hint:   git config pull.ff only       # fast-forward only
hint:
hint: You can replace "git config" with "git config --global" to set a default
hint: preference for all repositories. You can also pass --rebase, --no-rebase,
hint: or --ff-only on the command line to override the configured default per
hint: invocation.
fatal: Need to specify how to reconcile divergent branches.
root@eltex-practice2-v1:~/ELTEX# git remote show
origin
root@eltex-practice2-v1:~/ELTEX# git remote show origin
* remote origin
  Fetch URL: git@github.com:RickLater0/ELTEX.git
  Push  URL: git@github.com:RickLater0/ELTEX.git
  HEAD branch: main
  Remote branch:
    main tracked
  Local branch configured for 'git pull':
    main merges with remote main
  Local ref configured for 'git push':
    main pushes to main (local out of date)

root@eltex-practice2-v1:~/ELTEX# git config pull.rebase true
root@eltex-practice2-v1:~/ELTEX# git pull
Successfully rebased and updated refs/heads/main.
root@eltex-practice2-v1:~/ELTEX# git push
Enumerating objects: 25, done.
Counting objects: 100% (25/25), done.
Delta compression using up to 2 threads
Compressing objects: 100% (19/19), done.
Writing objects: 100% (19/19), 513.41 KiB | 2.75 MiB/s, done.
Total 19 (delta 7), reused 0 (delta 0), pack-reused 0
remote: Resolving deltas: 100% (7/7), completed with 3 local objects.
To github.com:RickLater0/ELTEX.git
   3862503..e0a13a3  main -> main

root@eltex-practice2-v1:~/ELTEX_clone# git fetch
remote: Enumerating objects: 36, done.
remote: Counting objects: 100% (36/36), done.
remote: Compressing objects: 100% (20/20), done.
remote: Total 30 (delta 11), reused 24 (delta 9), pack-reused 0 (from 0)
Unpacking objects: 100% (30/30), 5.55 KiB | 437.00 KiB/s, done.
From https://github.com/RickLater0/ELTEX
   b4a656b..46bff85  main       -> origin/main

git log origin/main > ~/ELTEX/git.log
git diff origin/main > ~/ELTEX/module1/task2/gitdiff.log

git merge
Updating b4a656b..46bff85
Fast-forward
 .gitignore                                      |   1 +
 module1/task2/.practice2_eltex-v1_part3.log.swp | Bin 1024 -> 1024 bytes
 module1/task2/practice2_eltex-v1_part3.log      |  85 +++++++++++++++++++++++++++++++++++++++++++++++++++++++++++++++++++++++++++++++++++++
 3 files changed, 86 insertions(+)
 create mode 100644 .gitignore

cd ~/ELTEX
git add .
git commit -m "pract 2 done"
git push
#done
